
[1m[46m RUN [49m[22m [36mv4.0.18 [39m[90mC:/Users/Vimal_Sabari/OneDrive/Desktop/FarmSmart NEW/FarmSmart/frontend[39m

 [31mΓ¥»[39m src/App.test.jsx [2m([22m[2m1 test[22m[2m | [22m[31m1 failed[39m[2m)[22m[32m 25[2mms[22m[39m
[31m     [31m├ù[31m renders without crashing[39m[32m 24[2mms[22m[39m
node.exe : 
At line:1 char:1
+ & "C:\Program 
Files\nodejs/node.exe" 
"C:\Program Files\nodejs/node_mo 
...
+ ~~~~~~~~~~~~~~~~~~~~~~~~~~~~~~~~
~~~~~~~~~~~~~~~~~~~~~~~~~~~~~~~~~~
~~~
    + CategoryInfo          : Not 
   Specified: (:String) [], Remo  
  teException
    + FullyQualifiedErrorId : Nat 
   iveCommandError
 
[31mΓÄ»ΓÄ»ΓÄ»ΓÄ»ΓÄ»ΓÄ»ΓÄ»[39m[1
m[41m Failed Tests 1 [49m[22m[
31mΓÄ»ΓÄ»ΓÄ»ΓÄ»ΓÄ»ΓÄ»ΓÄ»[39m

[41m[1m FAIL [22m[49m 
src/App.test.jsx[2m > [22mApp 
Component[2m > [22mrenders 
without crashing
[31m[1mReferenceError[22m: 
motion is not defined[39m
[36m [2mΓ¥»[22m Login src/pages
/Login.jsx:[2m144:14[22m[39m
    [90m142| [39m            [3
3m<[39m[33m/[39m[33mdiv[39m[
33m>[39m
    [90m143| [39m
    [90m144| [39m            [3
3m<[39m[33mmotion[39m[33m.[39
m[33mbutton[39m
    [90m   | [39m             
[31m^[39m
    [90m145| [39m              
[33mwhileHover[39m[33m=[39m[33
m{[39m{ scale[33m:[39m 
[34m1.01[39m }[33m}[39m
    [90m146| [39m              
[33mwhileTap[39m[33m=[39m[33m{
[39m{ scale[33m:[39m 
[34m0.99[39m }[33m}[39m
[90m [2mΓ¥»[22m 
Object.react_stack_bottom_frame no
de_modules/react-dom/cjs/react-dom
-client.development.js:[2m25904:2
0[22m[39m
[90m [2mΓ¥»[22m 
renderWithHooks node_modules/react
-dom/cjs/react-dom-client.developm
ent.js:[2m7662:22[22m[39m
[90m [2mΓ¥»[22m 
updateFunctionComponent node_modul
es/react-dom/cjs/react-dom-client.
development.js:[2m10166:19[22m[
39m
[90m [2mΓ¥»[22m beginWork node_
modules/react-dom/cjs/react-dom-cl
ient.development.js:[2m11778:18[
22m[39m
[90m [2mΓ¥»[22m 
runWithFiberInDEV node_modules/rea
ct-dom/cjs/react-dom-client.develo
pment.js:[2m874:13[22m[39m
[90m [2mΓ¥»[22m 
performUnitOfWork node_modules/rea
ct-dom/cjs/react-dom-client.develo
pment.js:[2m17641:22[22m[39m
[90m [2mΓ¥»[22m workLoopSync no
de_modules/react-dom/cjs/react-dom
-client.development.js:[2m17469:4
1[22m[39m
[90m [2mΓ¥»[22m renderRootSync 
node_modules/react-dom/cjs/react-d
om-client.development.js:[2m17450
:11[22m[39m
[90m [2mΓ¥»[22m 
performWorkOnRoot node_modules/rea
ct-dom/cjs/react-dom-client.develo
pment.js:[2m16583:35[22m[39m

[31m[2mΓÄ»ΓÄ»ΓÄ»ΓÄ»ΓÄ»ΓÄ»ΓÄ»ΓÄ»Γ
Ä»ΓÄ»ΓÄ»ΓÄ»ΓÄ»ΓÄ»ΓÄ»ΓÄ»ΓÄ»ΓÄ»ΓÄ»ΓÄ
»ΓÄ»ΓÄ»ΓÄ»ΓÄ»[1/1]ΓÄ»[22m[39m


[2m Test Files [22m [1m[31m1 failed[39m[22m[90m (1)[39m
[2m      Tests [22m [1m[31m1 failed[39m[22m[90m (1)[39m
[2m   Start at [22m 11:26:34
[2m   Duration [22m 1.95s[2m (transform 576ms, setup 85ms, import 1.05s, tests 25ms, environment 652ms)[22m

